Traceback (most recent call last):
  File "C:\Users\MG\AppData\Local\Python\pythoncore-3.14-64\Lib\site-packages\pydantic\networks.py", line 966, in import_email_validator
    import email_validator
ModuleNotFoundError: No module named 'email_validator'

The above exception was the direct cause of the following exception:

Traceback (most recent call last):
  File "<frozen runpy>", line 203, in _run_module_as_main
  File "<frozen runpy>", line 88, in _run_code
  File "C:\Users\MG\AppData\Local\Python\pythoncore-3.14-64\Lib\site-packages\uvicorn\__main__.py", line 4, in <module>
    uvicorn.main()
    ~~~~~~~~~~~~^^
  File "C:\Users\MG\AppData\Local\Python\pythoncore-3.14-64\Lib\site-packages\click\core.py", line 1514, in __call__
    return self.main(*args, **kwargs)
           ~~~~~~~~~^^^^^^^^^^^^^^^^^
  File "C:\Users\MG\AppData\Local\Python\pythoncore-3.14-64\Lib\site-packages\click\core.py", line 1435, in main
    rv = self.invoke(ctx)
  File "C:\Users\MG\AppData\Local\Python\pythoncore-3.14-64\Lib\site-packages\click\core.py", line 1298, in invoke
    return ctx.invoke(self.callback, **ctx.params)
           ~~~~~~~~~~^^^^^^^^^^^^^^^^^^^^^^^^^^^^^
  File "C:\Users\MG\AppData\Local\Python\pythoncore-3.14-64\Lib\site-packages\click\core.py", line 853, in invoke
    return callback(*args, **kwargs)
  File "C:\Users\MG\AppData\Local\Python\pythoncore-3.14-64\Lib\site-packages\uvicorn\main.py", line 441, in main
    run(
    ~~~^
        app,
        ^^^^
    ...<48 lines>...
        reset_contextvars=reset_contextvars,
        ^^^^^^^^^^^^^^^^^^^^^^^^^^^^^^^^^^^^
    )
    ^
  File "C:\Users\MG\AppData\Local\Python\pythoncore-3.14-64\Lib\site-packages\uvicorn\main.py", line 609, in run
    config.load_app()
    ~~~~~~~~~~~~~~~^^
  File "C:\Users\MG\AppData\Local\Python\pythoncore-3.14-64\Lib\site-packages\uvicorn\config.py", line 415, in load_app
    return import_from_string(self.app)
  File "C:\Users\MG\AppData\Local\Python\pythoncore-3.14-64\Lib\site-packages\uvicorn\importer.py", line 19, in import_from_string
    module = importlib.import_module(module_str)
  File "C:\Users\MG\AppData\Local\Python\pythoncore-3.14-64\Lib\importlib\__init__.py", line 88, in import_module
    return _bootstrap._gcd_import(name[level:], package, level)
           ~~~~~~~~~~~~~~~~~~~~~~^^^^^^^^^^^^^^^^^^^^^^^^^^^^^^
  File "<frozen importlib._bootstrap>", line 1406, in _gcd_import
  File "<frozen importlib._bootstrap>", line 1371, in _find_and_load
  File "<frozen importlib._bootstrap>", line 1342, in _find_and_load_unlocked
  File "<frozen importlib._bootstrap>", line 938, in _load_unlocked
  File "<frozen importlib._bootstrap_external>", line 759, in exec_module
  File "<frozen importlib._bootstrap>", line 491, in _call_with_frames_removed
  File "d:\Quant\QuantG\backend\server.py", line 51, in <module>
    class RegisterReq(BaseModel):
    ...<2 lines>...
        name: Optional[str] = None
  File "C:\Users\MG\AppData\Local\Python\pythoncore-3.14-64\Lib\site-packages\pydantic\_internal\_model_construction.py", line 256, in __new__
    complete_model_class(
    ~~~~~~~~~~~~~~~~~~~~^
        cls,
        ^^^^
    ...<3 lines>...
        create_model_module=_create_model_module,
        ^^^^^^^^^^^^^^^^^^^^^^^^^^^^^^^^^^^^^^^^^
    )
    ^
  File "C:\Users\MG\AppData\Local\Python\pythoncore-3.14-64\Lib\site-packages\pydantic\_internal\_model_construction.py", line 667, in complete_model_class
    schema = gen_schema.generate_schema(cls)
  File "C:\Users\MG\AppData\Local\Python\pythoncore-3.14-64\Lib\site-packages\pydantic\_internal\_generate_schema.py", line 744, in generate_schema
    schema = self._generate_schema_inner(obj)
  File "C:\Users\MG\AppData\Local\Python\pythoncore-3.14-64\Lib\site-packages\pydantic\_internal\_generate_schema.py", line 1038, in _generate_schema_inner
    return self._model_schema(obj)
           ~~~~~~~~~~~~~~~~~~^^^^^
  File "C:\Users\MG\AppData\Local\Python\pythoncore-3.14-64\Lib\site-packages\pydantic\_internal\_generate_schema.py", line 868, in _model_schema
    {k: self._generate_md_field_schema(k, v, decorators) for k, v in fields.items()},
        ~~~~~~~~~~~~~~~~~~~~~~~~~~~~~~^^^^^^^^^^^^^^^^^^
  File "C:\Users\MG\AppData\Local\Python\pythoncore-3.14-64\Lib\site-packages\pydantic\_internal\_generate_schema.py", line 1245, in _generate_md_field_schema
    schema, metadata = self._common_field_schema(name, field_info, decorators)
                       ~~~~~~~~~~~~~~~~~~~~~~~~~^^^^^^^^^^^^^^^^^^^^^^^^^^^^^^
  File "C:\Users\MG\AppData\Local\Python\pythoncore-3.14-64\Lib\site-packages\pydantic\_internal\_generate_schema.py", line 1299, in _common_field_schema
    schema = self._apply_annotations(
        source_type,
        annotations + validators_from_decorators,
    )
  File "C:\Users\MG\AppData\Local\Python\pythoncore-3.14-64\Lib\site-packages\pydantic\_internal\_generate_schema.py", line 2252, in _apply_annotations
    schema = get_inner_schema(source_type)
  File "C:\Users\MG\AppData\Local\Python\pythoncore-3.14-64\Lib\site-packages\pydantic\_internal\_schema_generation_shared.py", line 83, in __call__
    schema = self._handler(source_type)
  File "C:\Users\MG\AppData\Local\Python\pythoncore-3.14-64\Lib\site-packages\pydantic\_internal\_generate_schema.py", line 2228, in inner_handler
    schema = self._generate_schema_from_get_schema_method(obj, source_type)
  File "C:\Users\MG\AppData\Local\Python\pythoncore-3.14-64\Lib\site-packages\pydantic\_internal\_generate_schema.py", line 931, in _generate_schema_from_get_schema_method
    schema = get_schema(
        source, CallbackGetCoreSchemaHandler(self._generate_schema_inner, self, ref_mode=ref_mode)
    )
  File "C:\Users\MG\AppData\Local\Python\pythoncore-3.14-64\Lib\site-packages\pydantic\networks.py", line 1006, in __get_pydantic_core_schema__
    import_email_validator()
    ~~~~~~~~~~~~~~~~~~~~~~^^
  File "C:\Users\MG\AppData\Local\Python\pythoncore-3.14-64\Lib\site-packages\pydantic\networks.py", line 968, in import_email_validator
    raise ImportError("email-validator is not installed, run `pip install 'pydantic[email]'`") from e
ImportError: email-validator is not installed, run `pip install 'pydantic[email]'`
